Welcome to the Google Cloud CLI! Run "gcloud -h" to get the list of available commands.
---

C:\Users\SAI RAM\AppData\Local\Google\Cloud SDK>gcloud init
Welcome! This command will take you through the configuration of gcloud.

Settings from your current configuration [geetha] are:
accessibility:
  screen_reader: 'False'
compute:
  region: asia-northeast1
  zone: asia-northeast1-a
core:
  account: bhavyageetha3773@gmail.com
  disable_usage_reporting: 'True'
  project: bhavya-395909

Pick configuration to use:
 [1] Re-initialize this configuration [geetha] with new settings
 [2] Create a new configuration
 [3] Switch to and re-initialize existing configuration: [default]
Please enter your numeric choice:  1

Your current configuration has been set to: [geetha]

You can skip diagnostics next time by using the following flag:
  gcloud init --skip-diagnostics

Network diagnostic detects and fixes local network connection issues.
Checking network connection...done.
Reachability Check passed.
Network diagnostic passed (1/1 checks passed).

Choose the account you would like to use to perform operations for this configuration:
 [1] bhavyageetha3773@gmail.com
 [2] Log in with a new account
Please enter your numeric choice:  1

You are logged in as: [bhavyageetha3773@gmail.com].

Pick cloud project to use:
 [1] bhavya-395909
 [2] geethareddy-9078
 [3] ordinal-brace-395409
 [4] Enter a project ID
 [5] Create a new project
Please enter numeric choice or text value (must exactly match list item):  1

Your current project has been set to: [bhavya-395909].

Do you want to configure a default Compute Region and Zone? (Y/n)?  Y

Which Google Compute Engine zone would you like to use as project default?
If you do not specify a zone via a command line flag while working with Compute Engine resources, the default is assumed.
 [1] us-east1-b
 [2] us-east1-c
 [3] us-east1-d
 [4] us-east4-c
 [5] us-east4-b
 [6] us-east4-a
 [7] us-central1-c
 [8] us-central1-a
 [9] us-central1-f
 [10] us-central1-b
 [11] us-west1-b
 [12] us-west1-c
 [13] us-west1-a
 [14] europe-west4-a
 [15] europe-west4-b
 [16] europe-west4-c
 [17] europe-west1-b
 [18] europe-west1-d
 [19] europe-west1-c
 [20] europe-west3-c
 [21] europe-west3-a
 [22] europe-west3-b
 [23] europe-west2-c
 [24] europe-west2-b
 [25] europe-west2-a
 [26] asia-east1-b
 [27] asia-east1-a
 [28] asia-east1-c
 [29] asia-southeast1-b
 [30] asia-southeast1-a
 [31] asia-southeast1-c
 [32] asia-northeast1-b
 [33] asia-northeast1-c
 [34] asia-northeast1-a
 [35] asia-south1-c
 [36] asia-south1-b
 [37] asia-south1-a
 [38] australia-southeast1-b
 [39] australia-southeast1-c
 [40] australia-southeast1-a
 [41] southamerica-east1-b
 [42] southamerica-east1-c
 [43] southamerica-east1-a
 [44] asia-east2-a
 [45] asia-east2-b
 [46] asia-east2-c
 [47] asia-northeast2-a
 [48] asia-northeast2-b
 [49] asia-northeast2-c
 [50] asia-northeast3-a
Did not print [66] options.
Too many options [116]. Enter "list" at prompt to print choices fully.
Please enter numeric choice or text value (must exactly match list item):  28

Your project default Compute Engine zone has been set to [asia-east1-c].
You can change it by running [gcloud config set compute/zone NAME].

Your project default Compute Engine region has been set to [asia-east1].
You can change it by running [gcloud config set compute/region NAME].

Error creating a default .boto configuration file. Please run [gsutil config -n] if you would like to create this file.
Your Google Cloud SDK is configured and ready to use!

* Commands that require authentication will use bhavyageetha3773@gmail.com by default
* Commands will reference project `bhavya-395909` by default
* Compute Engine commands will use region `asia-east1` by default
* Compute Engine commands will use zone `asia-east1-c` by default

Run `gcloud help config` to learn how to change individual settings

This gcloud configuration is called [geetha]. You can create additional configurations if you work with multiple accounts and/or projects.
Run `gcloud topic configurations` to learn more.

Some things to try next:

* Run `gcloud --help` to see the Cloud Platform services you can interact with. And run `gcloud help COMMAND` to get help on any gcloud command.
* Run `gcloud topic --help` to learn about advanced features of the SDK like arg files and output formatting
* Run `gcloud cheat-sheet` to see a roster of go-to `gcloud` commands.

C:\Users\SAI RAM\AppData\Local\Google\Cloud SDK>gsutil mb gs://usecase3/
Creating gs://usecase3/...
ServiceException: 409 A Cloud Storage bucket named 'usecase3' already exists. Try another name. Bucket names must be globally unique across all Google Cloud projects, including those outside of your organization.

C:\Users\SAI RAM\AppData\Local\Google\Cloud SDK>gsutil mb gs://usecase333/
Creating gs://usecase333/...

C:\Users\SAI RAM\AppData\Local\Google\Cloud SDK>gsutil cp "C:\Users\SAI RAM\Downloads\empid_usecase3.csv" gs://usecase333/
Copying file://C:\Users\SAI RAM\Downloads\empid_usecase3.csv [Content-Type=application/vnd.ms-excel]...
| [1 files][897.6 KiB/897.6 KiB]
Operation completed over 1 objects/897.6 KiB.

C:\Users\SAI RAM\AppData\Local\Google\Cloud SDK>gsutil ls
gs://appor/
gs://bhavyag/
gs://new1bhavya/
gs://newbhavya/
gs://newmeo/
gs://purchase_buck/
gs://purchase_buck1/
gs://usecase333/

C:\Users\SAI RAM\AppData\Local\Google\Cloud SDK>gsutil show gs://usecase333/
CommandException: Invalid command "show".

C:\Users\SAI RAM\AppData\Local\Google\Cloud SDK>bq mk -d use_case3_dataset
Dataset 'bhavya-395909:use_case3_dataset' successfully created.

C:\Users\SAI RAM\AppData\Local\Google\Cloud SDK>mk -t use_case3_dataset.case3_table1 cust_idstring,
'mk' is not recognized as an internal or external command,
operable program or batch file.

C:\Users\SAI RAM\AppData\Local\Google\Cloud SDK>first_namestring,
'first_namestring' is not recognized as an internal or external command,
operable program or batch file.

C:\Users\SAI RAM\AppData\Local\Google\Cloud SDK>last_name string,
'last_name' is not recognized as an internal or external command,
operable program or batch file.

C:\Users\SAI RAM\AppData\Local\Google\Cloud SDK>genderstring,
'genderstring' is not recognized as an internal or external command,
operable program or batch file.

C:\Users\SAI RAM\AppData\Local\Google\Cloud SDK>ip_addressstring,
'ip_addressstring' is not recognized as an internal or external command,
operable program or batch file.

C:\Users\SAI RAM\AppData\Local\Google\Cloud SDK>mac_idstring,
'mac_idstring' is not recognized as an internal or external command,
operable program or batch file.

C:\Users\SAI RAM\AppData\Local\Google\Cloud SDK>client_namestring,
'client_namestring' is not recognized as an internal or external command,
operable program or batch file.

C:\Users\SAI RAM\AppData\Local\Google\Cloud SDK>mail_idstring,
'mail_idstring' is not recognized as an internal or external command,
operable program or batch file.

C:\Users\SAI RAM\AppData\Local\Google\Cloud SDK>url_string,
'url_string' is not recognized as an internal or external command,
operable program or batch file.

C:\Users\SAI RAM\AppData\Local\Google\Cloud SDK>app_namestring,
'app_namestring' is not recognized as an internal or external command,
operable program or batch file.

C:\Users\SAI RAM\AppData\Local\Google\Cloud SDK>ph_numberstring,
'ph_numberstring' is not recognized as an internal or external command,
operable program or batch file.

C:\Users\SAI RAM\AppData\Local\Google\Cloud SDK>credit_card_bandstring,
'credit_card_bandstring' is not recognized as an internal or external command,
operable program or batch file.

C:\Users\SAI RAM\AppData\Local\Google\Cloud SDK>card_isu_datestring,
'card_isu_datestring' is not recognized as an internal or external command,
operable program or batch file.

C:\Users\SAI RAM\AppData\Local\Google\Cloud SDK>cur_codestring,
'cur_codestring' is not recognized as an internal or external command,
operable program or batch file.

C:\Users\SAI RAM\AppData\Local\Google\Cloud SDK>valid_cardstring,
'valid_cardstring' is not recognized as an internal or external command,
operable program or batch file.

C:\Users\SAI RAM\AppData\Local\Google\Cloud SDK>card_typestring,
'card_typestring' is not recognized as an internal or external command,
operable program or batch file.

C:\Users\SAI RAM\AppData\Local\Google\Cloud SDK>currency_codestring,
'currency_codestring' is not recognized as an internal or external command,
operable program or batch file.

C:\Users\SAI RAM\AppData\Local\Google\Cloud SDK>access_codestring,
'access_codestring' is not recognized as an internal or external command,
operable program or batch file.

C:\Users\SAI RAM\AppData\Local\Google\Cloud SDK>lst_trns_dtstring,
'lst_trns_dtstring' is not recognized as an internal or external command,
operable program or batch file.

C:\Users\SAI RAM\AppData\Local\Google\Cloud SDK>guidstring,
'guidstring' is not recognized as an internal or external command,
operable program or batch file.

C:\Users\SAI RAM\AppData\Local\Google\Cloud SDK>stock_symstring,
'stock_symstring' is not recognized as an internal or external command,
operable program or batch file.

C:\Users\SAI RAM\AppData\Local\Google\Cloud SDK>bq mk -t use_case3_dataset.case3_table1 cust_idstring,first_namestring,last_name string,genderstring,ip_addressstring,mac_idstring,client_namestring,mail_idstring,url_string,app_namestring,ph_numberstring,credit_card_bandstring,card_isu_datestring,cur_codestring,valid_cardstring,card_typestring,currency_codestring,access_codestring,lst_trns_dtstring,guidstring,stock_sym string,emp_role string
Too many positional args, still have ['string,genderstring,ip_addressstring,mac_idstring,client_namestring,mail_idstring,url_string,app_namestring,ph_numberstring,credit_card_bandstring,card_isu_datestring,cur_codestring,valid_cardstring,card_typestring,currency_codestring,access_codestring,lst_trns_dtstring,guidstring,stock_sym', 'string,emp_role', 'string']

C:\Users\SAI RAM\AppData\Local\Google\Cloud SDK>bq mk -t use_case3_dataset.case3_table1 cust_id string,first_name string,last_name string,gender string,ip_address string,mac_id string,client_name string,mail_id string,url string,app_name string,ph_number string,credit_card_band string,card_isu_date string,cur_code string,valid_card string,card_type string,currency_code string,access_code string,lst_trns_dt string,guid string,stock_sym string,emp_role string
Too many positional args, still have ['string,first_name', 'string,last_name', 'string,gender', 'string,ip_address', 'string,mac_id', 'string,client_name', 'string,mail_id', 'string,url', 'string,app_name', 'string,ph_number', 'string,credit_card_band', 'string,card_isu_date', 'string,cur_code', 'string,valid_card', 'string,card_type', 'string,currency_code', 'string,access_code', 'string,lst_trns_dt', 'string,guid', 'string,stock_sym', 'string,emp_role', 'string']

C:\Users\SAI RAM\AppData\Local\Google\Cloud SDK>bq mk -t use_case3_dataset.case3_table1 cust_id:string,first_name:string,last_name:string,gender:string,ip_address:string,mac_id:string,client_name:string,mail_id:string,url_:string,app_name:string,ph_number:string,credit_card_band:string,card_isu_date:string,cur_code:string,valid_card:string,card_type:string,currency_code:string,access_code:string,lst_trns_dt:string,guid:string,stock_sym:string,emp_role:string
Table 'bhavya-395909:use_case3_dataset.case3_table1' successfully created.

C:\Users\SAI RAM\AppData\Local\Google\Cloud SDK>\bq show use_case3_dataset.case3_table1
'\bq' is not recognized as an internal or external command,
operable program or batch file.

C:\Users\SAI RAM\AppData\Local\Google\Cloud SDK>\bq ls use_case3_dataset.case3_table1
'\bq' is not recognized as an internal or external command,
operable program or batch file.

C:\Users\SAI RAM\AppData\Local\Google\Cloud SDK>bq show use_case3_dataset.case3_table1
Table bhavya-395909:use_case3_dataset.case3_table1

   Last modified              Schema              Total Rows   Total Bytes   Expiration   Time Partitioning   Clustered Fields   Total Logical Bytes   Total Physical Bytes   Labels
 ----------------- ----------------------------- ------------ ------------- ------------ ------------------- ------------------ --------------------- ---------------------- --------
  07 Sep 16:11:01   |- cust_id: string            0            0                                                                 0

                    |- first_name: string

                    |- last_name: string

                    |- gender: string

                    |- ip_address: string

                    |- mac_id: string

                    |- client_name: string

                    |- mail_id: string

                    |- url_: string

                    |- app_name: string

                    |- ph_number: string

                    |- credit_card_band: string

                    |- card_isu_date: string

                    |- cur_code: string

                    |- valid_card: string

                    |- card_type: string

                    |- currency_code: string

                    |- access_code: string

                    |- lst_trns_dt: string

                    |- guid: string

                    |- stock_sym: string

                    |- emp_role: string



C:\Users\SAI RAM\AppData\Local\Google\Cloud SDK>gsutil ls gs://usecase333/
gs://usecase333/empid_usecase3.csv

C:\Users\SAI RAM\AppData\Local\Google\Cloud SDK>bq load --source_format=CSV -skip_leading_rows=1 use_case3_dataset.case3_table1 gs://usecase333/empid_usecase3.csv
Waiting on bqjob_r14f16ab1fcecbcdf_0000018a6f3f6a7d_1 ... (0s) Current status: DONE

C:\Users\SAI RAM\AppData\Local\Google\Cloud SDK>bq mk -d use_case3_dataset2
Dataset 'bhavya-395909:use_case3_dataset2' successfully created.

C:\Users\SAI RAM\AppData\Local\Google\Cloud SDK>bq mk -t use_case3_dataset2._history_case3 cust_id:Integer,full_name:string,gender:string,ip_address:string,mac_id:string,client_name:string,mail_id:string,url_:string,app_name:string,ph_number:int64,credit_card_band:string,card_isu_date:date,cur_code:string,valid_card:Boolean,card_type:string,currency_code:string,access_code:string,lst_trns_dt:int64,guid:string,stock_sym:string,emp_role:string,created_time:timestamp
Table 'bhavya-395909:use_case3_dataset2._history_case3' successfully created.

C:\Users\SAI RAM\AppData\Local\Google\Cloud SDK>bq show use_case3_dataset2._history_case3
Table bhavya-395909:use_case3_dataset2._history_case3

   Last modified              Schema              Total Rows   Total Bytes   Expiration   Time Partitioning   Clustered Fields   Total Logical Bytes   Total Physical Bytes   Labels
 ----------------- ----------------------------- ------------ ------------- ------------ ------------------- ------------------ --------------------- ---------------------- --------
  07 Sep 17:37:39   |- cust_id: integer           0            0                                                                 0

                    |- full_name: string

                    |- gender: string

                    |- ip_address: string

                    |- mac_id: string

                    |- client_name: string

                    |- mail_id: string

                    |- url_: string

                    |- app_name: string

                    |- ph_number: integer

                    |- credit_card_band: string

                    |- card_isu_date: date

                    |- cur_code: string

                    |- valid_card: boolean

                    |- card_type: string

                    |- currency_code: string

                    |- access_code: string

                    |- lst_trns_dt: integer

                    |- guid: string

                    |- stock_sym: string

                    |- emp_role: string

                    |- created_time: timestamp



C:\Users\SAI RAM\AppData\Local\Google\Cloud SDK>bq query --use_legacy_sql=false insert into use_case3_dataset2._history_case3 select safe_cast(cust_id)as customer_id,concat(first_name,' ',last_name) as full_name,gender,ip_address,mac_id,client_name,mail_id,url_,app_name,safe_cast(phn_num as int64),credit_card_band,CASE when card_isu_date LIKE '%/%' THEN parse_date('%m/%d/%Y','card_isu_date')WHEN card_isu_date LIKE '%-%' THEN PARSE_DATE('%m/%d/%Y','card_isu_date')END card_isu_date,cur_code,valid_card,card_type,currency_code,access_code,safe_cast(lst_trns_dt as Integer),guid,stock_sym,em
p_role,current_timestamp() as created_time from use_case3_dataset.case3_table1
Error in query string: Error processing job
'bhavya-395909:bqjob_r2611ad6a41aee4fd_0000018a6fa61e49_1': Syntax error:
Unexpected ")" at [1:71]

C:\Users\SAI RAM\AppData\Local\Google\Cloud SDK>bq query --use_legacy_sql=false insert into use_case3_dataset2._history_case3 select safe_cast(cust_id as Integer)as customer_id,concat(first_name,' ',last_name) as full_name,gender,ip_address,mac_id,client_name,mail_id,url_,app_name,safe_cast(phn_num as int64),credit_card_band,CASE when card_isu_date LIKE '%/%' THEN parse_date('%m/%d/%Y','card_isu_date')WHEN card_isu_date LIKE '%-%' THEN PARSE_DATE('%m/%d/%Y','card_isu_date')END card_isu_date,cur_code,valid_card,card_type,currency_code,access_code,safe_cast(lst_trns_dt as Integer),guid,stock_sym,emp_role,current_timestamp() as created_time from use_case3_dataset.case3_table1
Waiting on bqjob_rea81b8283e5e94f_0000018a6fb65273_1 ... (0s) Current status: DONE
Error in query string: Error processing job
'bhavya-395909:bqjob_rea81b8283e5e94f_0000018a6fb65273_1': Unrecognized name:
phn_num at [1:213]

C:\Users\SAI RAM\AppData\Local\Google\Cloud SDK>bq query --use_legacy_sql=false insert into use_case3_dataset2._history_case3 select safe_cast(cust_id as Integer)as customer_id,concat(first_name,' ',last_name) as full_name,gender string,ip_address string,mac_id string,client_name string,mail_id string,url_ string,app_name string,safe_cast(ph_num as int64),credit_card_band string,CASE when card_isu_date LIKE '%/%' THEN parse_date('%m/%d/%Y','card_isu_date')WHEN card_isu_date LIKE '%-%' THEN PARSE_DATE('%m/%d/%Y','card_isu_date')END card_isu_date,cur_code string,valid_card string,card_type string,currency_code string,access_code string,safe_cast(lst_trns_dt as Integer),guid as string,stock_sym string,emp_role string,current_timestamp as created_time from use_case3_dataset.case3_table1
Waiting on bqjob_r3c2f6cb5cf392721_0000018a6fc0efec_1 ... (0s) Current status: DONE
Error in query string: Error processing job
'bhavya-395909:bqjob_r3c2f6cb5cf392721_0000018a6fc0efec_1': Unrecognized name:
ph_num; Did you mean ph_number? at [1:262]

C:\Users\SAI RAM\AppData\Local\Google\Cloud SDK>bq query --use_legacy_sql=false insert into use_case3_dataset2._history_case3 select safe_cast(cust_id as Integer)as customer_id,concat(first_name,' ',last_name) as full_name,gender string,ip_address string,mac_id string,client_name string,mail_id string,url_ string,app_name string,safe_cast(ph_number as int64),credit_card_band string,CASE when card_isu_date LIKE '%/%' THEN parse_date('%m/%d/%Y','card_isu_date')WHEN card_isu_date LIKE '%-%' THEN PARSE_DATE('%m/%d/%Y','card_isu_date')END card_isu_date,cur_code string,valid_card string,card_type string,currency_code string,access_code string,safe_cast(lst_trns_dt as Integer),guid as string,stock_sym string,emp_role string,current_timestamp as created_time from use_case3_dataset.case3_table1
BigQuery error in query operation: Could not connect with BigQuery server due
to: SSLEOFError(8, 'EOF occurred in violation of protocol (_ssl.c:1129)')

C:\Users\SAI RAM\AppData\Local\Google\Cloud SDK>bq query --use_legacy_sql=false insert into use_case3_dataset2._history_case3 select safe_cast(cust_id as Integer)as customer_id,concat(first_name,' ',last_name) as full_name,gender string,ip_address string,mac_id string,client_name string,mail_id string,url_ string,app_name string,safe_cast(ph_number as int64),credit_card_band string,CASE when card_isu_date LIKE '%/%' THEN parse_date('%m/%d/%Y','card_isu_date')WHEN card_isu_date LIKE '%-%' THEN PARSE_DATE('%m/%d/%Y','card_isu_date')END card_isu_date,cur_code string,valid_card string,card_type string,currency_code string,access_code string,safe_cast(lst_trns_dt as Integer),guid as string,stock_sym string,emp_role string,current_timestamp as created_time from use_case3_dataset.case3_table1
Waiting on bqjob_r30099d9ea7aaf26f_0000018a6fc38919_1 ... (0s) Current status: DONE
Error in query string: Error processing job
'bhavya-395909:bqjob_r30099d9ea7aaf26f_0000018a6fc38919_1': Query column 14 has
type STRING which cannot be inserted into column valid_card, which has type BOOL
at [1:47]

C:\Users\SAI RAM\AppData\Local\Google\Cloud SDK>bq query --use_legacy_sql=false insert into use_case3_dataset2._history_case3 select safe_cast(cust_id as Integer)as customer_id,concat(first_name,' ',last_name) as full_name,gender string,ip_address string,mac_id string,client_name string,mail_id string,url_ string,app_name string,safe_cast(ph_number as int64),credit_card_band string,CASE when card_isu_date LIKE '%/%' THEN parse_date('%m/%d/%Y','card_isu_date')WHEN card_isu_date LIKE '%-%' THEN PARSE_DATE('%m/%d/%Y','card_isu_date')END card_isu_date,cur_code string,safe_cast(valid_card as boolean),card_type string,currency_code string,access_code string,safe_cast(lst_trns_dt as Integer),guid as string,stock_sym string,emp_role string,current_timestamp as created_time from use_case3_dataset.case3_table1
Waiting on bqjob_r2427944c48f3608_0000018a6fc575cf_1 ... (0s) Current status: DONE
Error in query string: Error processing job
'bhavya-395909:bqjob_r2427944c48f3608_0000018a6fc575cf_1': Failed to parse input
string "card_isu_date"

C:\Users\SAI RAM\AppData\Local\Google\Cloud SDK>bq query --use_legacy_sql=false insert into use_case3_dataset2._history_case3 select safe_cast(cust_id as Integer)as customer_id,concat(first_name,' ',last_name) as full_name,gender string,ip_address string,mac_id string,client_name string,mail_id string,url_ string,app_name string,safe_cast(ph_number as int64),credit_card_band string,CASE when card_isu_date LIKE '%/%' THEN parse_date('%m/%d/%Y','card_isu_date')WHEN card_isu_date LIKE '%-%' THEN PARSE_DATE('%m/%d/%Y','card_isu_date')END card_date,cur_code string,safe_cast(valid_card as boolean),card_type string,currency_code string,access_code string,safe_cast(lst_trns_dt as Integer),guid as string,stock_sym string,emp_role string,current_timestamp as created_time from use_case3_dataset.case3_table1
Waiting on bqjob_r74e9f178b16e1ba2_0000018a6fc67cfa_1 ... (0s) Current status: DONE
Error in query string: Error processing job
'bhavya-395909:bqjob_r74e9f178b16e1ba2_0000018a6fc67cfa_1': Failed to parse
input string "card_isu_date"

C:\Users\SAI RAM\AppData\Local\Google\Cloud SDK>bq query --use_legacy_sql=false insert into use_case3_dataset2._history_case3 select safe_cast(cust_id as Integer)as customer_id,concat(first_name,' ',last_name) as full_name,gender string,ip_address string,mac_id string,client_name string,mail_id string,url_ string,app_name string,safe_cast(ph_number as int64),credit_card_band string,CASE when card_isu_date LIKE '%/%' THEN parse_date('%m/%d/%Y',card_isu_date)WHEN card_isu_date LIKE '%-%' THEN PARSE_DATE('%m/%d/%Y',card_isu_date)END card_date,cur_code string,safe_cast(valid_card as boolean),card_type string,currency_code string,access_code string,safe_cast(lst_trns_dt as Integer),guid as string,stock_sym string,emp_role string,current_timestamp as created_time from use_case3_dataset.case3_table1
Waiting on bqjob_r7191b336db308000_0000018a6fc7a430_1 ... (0s) Current status: DONE
Error in query string: Error processing job
'bhavya-395909:bqjob_r7191b336db308000_0000018a6fc7a430_1': Mismatch between
format character '/' and string character '-'

C:\Users\SAI RAM\AppData\Local\Google\Cloud SDK>bq query --use_legacy_sql=false insert into use_case3_dataset2._history_case3 select safe_cast(cust_id as Integer)as customer_id,concat(first_name,' ',last_name) as full_name,gender string,ip_address string,mac_id string,client_name string,mail_id string,url_ string,app_name string,safe_cast(ph_number as int64),credit_card_band string,CASE when card_isu_date LIKE '%/%' THEN parse_date('%m/%d/%Y',card_isu_date)WHEN card_isu_date LIKE '%-%' THEN PARSE_DATE('%m-%d-%Y',card_isu_date)END card_date,cur_code string,safe_cast(valid_card as boolean),card_type string,currency_code string,access_code string,safe_cast(lst_trns_dt as Integer),guid as string,stock_sym string,emp_role string,current_timestamp as created_time from use_case3_dataset.case3_table1
Waiting on bqjob_r58cc04cc07f0a5f0_0000018a6fca64c0_1 ... (0s) Current status: DONE
Number of affected rows: 1000


C:\Users\SAI RAM\AppData\Local\Google\Cloud SDK>bq query --use_legacy_sql=false create view use_case3_dataset2._history_case3_views as select * fromuse_case3_dataset.case3_table1
Error in query string: Error processing job
'bhavya-395909:bqjob_r20f89023f3602bce_0000018a6fd602b7_1': Syntax error:
Expected end of input but got identifier "fromuse_case3_dataset" at [1:65]

C:\Users\SAI RAM\AppData\Local\Google\Cloud SDK>bq query --use_legacy_sql=false create view use_case3_dataset2._history_case3_views as select * from use_case3_dataset.case3_table1
BigQuery error in query operation: Could not connect with BigQuery server due
to: SSLEOFError(8, 'EOF occurred in violation of protocol (_ssl.c:1129)')

C:\Users\SAI RAM\AppData\Local\Google\Cloud SDK>bq query --use_legacy_sql=false create view use_case3_dataset2._history_views as select * from use_case3_dataset.case3_table1
Waiting on bqjob_r5f7db6d1f1dc0fe0_0000018a6fd7b4e9_1 ... (60s) Current status: DONE
Created bhavya-395909.use_case3_dataset2._history_views


C:\Users\SAI RAM\AppData\Local\Google\Cloud SDK>